Microchip MPLAB XC8 Compiler V3.10

Linker command line:

-W-3 \
  --edf=C:\Program Files\Microchip\xc8\v3.10\pic\dat\20250813170317_en.msgs \
  -cn -h+dist/default/production\ECU3.X.production.sym \
  --cmf=dist/default/production\ECU3.X.production.cmf -z -Q18F4580 \
  -oC:\Users\nanda\AppData\Local\Temp\xcAsduk.0\driver_tmp_3.o \
  --defsym=__MPLAB_BUILD=1 --fixupoverflow=error \
  -Mdist/default/production/ECU3.X.production.map \
  --md=C:\Users\nanda\AppData\Local\Temp\xcAsduk.0\driver_tmp_0.dat -E1 \
  -ver=XC8 Compiler -ACODE=00h-07FFFh -ACONST=00h-07FFFh \
  -ASMALLCONST=0600h-06FFhx122 -AMEDIUMCONST=0600h-07FFFh -ACOMRAM=01h-05Fh \
  -AABS1=00h-05FFh -ABIGRAM=01h-05FFh -ARAM=060h-0FFh,0100h-01FFhx5 \
  -ABANK0=060h-0FFh -ABANK1=0100h-01FFh -ABANK2=0200h-02FFh \
  -ABANK3=0300h-03FFh -ABANK4=0400h-04FFh -ABANK5=0500h-05FFh \
  -ASFR=0D00h-0DFFhx2,0F00h-0F5Fh,0F60h-0FFFh -ABIGSFR=0D00h-0FFFh \
  -ACONFIG=0300000h-030000Dh -AIDLOC=0200000h-0200007h \
  -AEEDATA=0F00000h-0F000FFh -peeprom_data=EEDATA \
  -preset_vec=00h,intcode=8h,intcodelo=18h,sivt_lo,sivt_hi=CODE \
  -ppowerup=CODE,init -pramtop=0600h -psmallconst=SMALLCONST \
  -pmediumconst=MEDIUMCONST -pconst=CONST -AFARRAM=00h-00h \
  -prdata=COMRAM,nvrram=COMRAM,nvbit=COMRAM,rbss=COMRAM,rbit=COMRAM \
  -pfarbss=FARRAM,fardata=FARRAM,nvFARRAM=FARRAM \
  -pintsave_regs=BIGRAM,bigbss=BIGRAM,bigdata=BIGRAM -pbss=RAM \
  -pidata=CODE,irdata=CODE,ibigdata=CODE,ifardata=CODE -prparam=COMRAM \
  C:\Users\nanda\AppData\Local\Temp\xcAsduk.0\driver_tmp_9.o \
  dist/default/production\ECU3.X.production.o 

Object code version is 3.11

Machine type is 18F4580



                Name                               Link     Load   Length Selector   Space Scale
C:\Users\nanda\AppData\Local\Temp\xcAsduk.0\driver_tmp_9.o
                idloc                            200000   200000        8        0       5
                config                           300000   300000        E        0       4
                init                                  E        E        4        4       0
                reset_vec                             0        0        4        0       0
dist/default/production\ECU3.X.production.o
                intcode                               8        8        6        4       0
                idloc                            200000   200000        8        0       5
                config                           300000   300000        E        0       4
                smallconst                          600      600       20      300       0
                intcode_body                        620      620      10C      310       0
                text16                              C2C      C2C       3A      310       0
                text15                              A4A      A4A       6C      310       0
                text14                              B7C      B7C       3C      310       0
                text13                              C66      C66       34      310       0
                text12                              D1C      D1C        8      310       0
                text11                              CBE      CBE       1E      310       0
                text10                              B1A      B1A       62      310       0
                text9                               BF2      BF2       3A      310       0
                text8                               944      944       94      310       0
                text7                               C9A      C9A       24      310       0
                text6                               7F4      7F4       AC      310       0
                text5                               9D8      9D8       72      310       0
                text4                               AB6      AB6       64      310       0
                text3                               CF4      CF4       18      310       0
                text2                               72C      72C       C8      310       0
                text1                               8A0      8A0       A4      310       0
                text0                               D0C      D0C       10      310       0
                cstackCOMRAM                          2        2       1F        2       1
                dataCOMRAM                           21       21       18        2       1
                bssCOMRAM                            39       39        8        2       1
                cinit                               BB8      BB8       3A      310       0
                idataCOMRAM                         CDC      CDC       18      310       0

TOTAL           Name                               Link     Load   Length     Space
        CLASS   CODE           
                intcode                               8        8        6         0
                init                                  E        E        4         0
                reset_vec                             0        0        4         0
                intcode_body                        620      620      10C         0
                text16                              C2C      C2C       3A         0
                text15                              A4A      A4A       6C         0
                text14                              B7C      B7C       3C         0
                text13                              C66      C66       34         0
                text12                              D1C      D1C        8         0
                text11                              CBE      CBE       1E         0
                text10                              B1A      B1A       62         0
                text9                               BF2      BF2       3A         0
                text8                               944      944       94         0
                text7                               C9A      C9A       24         0
                text6                               7F4      7F4       AC         0
                text5                               9D8      9D8       72         0
                text4                               AB6      AB6       64         0
                text3                               CF4      CF4       18         0
                text2                               72C      72C       C8         0
                text1                               8A0      8A0       A4         0
                text0                               D0C      D0C       10         0
                cinit                               BB8      BB8       3A         0
                idataCOMRAM                         CDC      CDC       18         0

        CLASS   CONST          

        CLASS   SMALLCONST     
                smallconst                          600      600       20         0

        CLASS   MEDIUMCONST    

        CLASS   COMRAM         
                cstackCOMRAM                          2        2       1F         1
                dataCOMRAM                           21       21       18         1
                bssCOMRAM                            39       39        8         1

        CLASS   ABS1           
                abs_s1                                1        1        1         1

        CLASS   BIGRAM         

        CLASS   RAM            

        CLASS   BANK0          

        CLASS   BANK1          

        CLASS   BANK2          

        CLASS   BANK3          

        CLASS   BANK4          

        CLASS   BANK5          

        CLASS   SFR            

        CLASS   BIGSFR         

        CLASS   CONFIG         
                config                           300000   300000        E         4

        CLASS   IDLOC          
                idloc                            200000   200000        8         5

        CLASS   EEDATA         

        CLASS   FARRAM         

        CLASS   HEAP           

        CLASS   STACK          



SEGMENTS        Name                           Load    Length   Top    Selector   Space  Class

                reset_vec                      000000  000004  000004         0       0  CODE    
                cstackCOMRAM                   000002  00003F  000041         2       1  COMRAM  
                intcode                        000008  00000A  000012         4       0  CODE    
                smallconst                     000600  000020  000620       300       0  SMALLCON
                intcode_body                   000620  000704  000D24       310       0  CODE    


UNUSED ADDRESS RANGES

        Name                Unused          Largest block    Delta
        BANK0            000060-0000FF               A0
        BANK1            000100-0001FF              100
        BANK2            000200-0002FF              100
        BANK3            000300-0003FF              100
        BANK4            000400-0004FF              100
        BANK5            000500-0005FF              100
        BIGRAM           000041-0005FF              5BF
        BIGSFR           000D00-000FFF              300
        CODE             000004-000007                4
                         000012-0005FF              5EE
                         000D24-007FFF             72DC
        COMRAM           000041-00005F               1F
        CONST            000004-000007                4
                         000012-0005FF              5EE
                         000D24-007FFF             72DC
        EEDATA           F00000-F000FF              100
        MEDIUMCONST      000D24-007FFF             72DC
        RAM              000060-0005FF              100
        SFR              000D00-000FFF              100
        SMALLCONST       000D24-007FFF              100

                                  Symbol Table

?___lwdiv                       cstackCOMRAM 000002
?___lwmod                       cstackCOMRAM 000009
?_get_msg_id_std                cstackCOMRAM 000002
_BRG16                          (abs)        007DC3
_BRGCON1                        (abs)        000F70
_BRGCON2                        (abs)        000F71
_BRGCON3                        (abs)        000F72
_BRGH                           (abs)        007D62
_CANCON                         (abs)        000F6F
_CANSTAT                        (abs)        000F6E
_CREN                           (abs)        007D5C
_ECANCON                        (abs)        000F77
_GIE                            (abs)        007F97
_PEIE                           (abs)        007F96
_PORTB                          (abs)        000F81
_PORTD                          (abs)        000F83
_PSA                            (abs)        007EAB
_RC0                            (abs)        007C10
_RC1                            (abs)        007C11
_RC2                            (abs)        007C12
_RCIF                           (abs)        007CF5
_RCREG                          (abs)        000FAE
_RD7                            (abs)        007C1F
_RX9                            (abs)        007D5E
_RXB0CON                        (abs)        000F60
_RXB0CONbits                    (abs)        000F60
_RXB0D0                         (abs)        000F66
_RXB0DLC                        (abs)        000F65
_RXB0FUL                        (abs)        007B07
_RXB0IF                         (abs)        007D20
_RXB0SIDH                       (abs)        000F61
_RXB0SIDL                       (abs)        000F62
_RXFCON0                        (abs)        000DD4
_SENDB                          (abs)        007D63
_SPBRG                          (abs)        000FAF
_SPEN                           (abs)        007D5F
_SYNC                           (abs)        007D64
_T08BIT                         (abs)        007EAE
_T0CS                           (abs)        007EAD
_T0PS0                          (abs)        007EA8
_T0PS1                          (abs)        007EA9
_T0PS2                          (abs)        007EAA
_TMR0                           (abs)        000FD6
_TMR0IE                         (abs)        007F95
_TMR0IF                         (abs)        007F92
_TMR0ON                         (abs)        007EAF
_TRISB                          (abs)        000F93
_TRISB2                         (abs)        007C9A
_TRISB3                         (abs)        007C9B
_TRISC                          (abs)        000F94
_TRISC6                         (abs)        007CA6
_TRISC7                         (abs)        007CA7
_TRISD                          (abs)        000F95
_TRISD7                         (abs)        007CAF
_TX9                            (abs)        007D66
_TXB0D0                         (abs)        000F46
_TXB0DLC                        (abs)        000F45
_TXB0EIDH                       (abs)        000F43
_TXB0EIDL                       (abs)        000F44
_TXB0REQ                        (abs)        007A03
_TXB0SIDH                       (abs)        000F41
_TXB0SIDL                       (abs)        000F42
_TXEN                           (abs)        007D65
_TXIF                           (abs)        007CF4
_TXREG                          (abs)        000FAD
__HRAM                          (abs)        000000
__H__absolute__                 __absolute__ 000000
__Habs1                         abs1         000000
__Hbank0                        bank0        000000
__Hbank1                        bank1        000000
__Hbank2                        bank2        000000
__Hbank3                        bank3        000000
__Hbank4                        bank4        000000
__Hbank5                        bank5        000000
__Hbigbss                       bigbss       000000
__Hbigdata                      bigdata      000000
__Hbigram                       bigram       000000
__Hbigsfr                       bigsfr       000000
__Hbss                          bss          000000
__HbssCOMRAM                    bssCOMRAM    000000
__Hcinit                        cinit        000000
__Hclrtext                      clrtext      000000
__Hcomram                       comram       000000
__Hconfig                       config       30000E
__Hconst                        const        000000
__HcstackCOMRAM                 cstackCOMRAM 000000
__Hdata                         data         000000
__HdataCOMRAM                   dataCOMRAM   000000
__Heeprom_data                  eeprom_data  000000
__Hfarbss                       farbss       000000
__Hfardata                      fardata      000000
__Hheap                         heap         000000
__Hibigdata                     ibigdata     000000
__Hidata                        idata        000000
__HidataCOMRAM                  idataCOMRAM  000000
__Hidloc                        idloc        200008
__Hifardata                     ifardata     000000
__Hinit                         init         000012
__Hintcode                      intcode      00000E
__Hintcode_body                 intcode_body 000000
__Hintcodelo                    intcodelo    000018
__Hintentry                     intentry     000000
__Hintret                       intret       000000
__Hintsave_regs                 intsave_regs 000000
__Hirdata                       irdata       000000
__Hmediumconst                  mediumconst  000000
__HnvFARRAM                     nvFARRAM     000000
__Hnvbit                        nvbit        000000
__Hnvrram                       nvrram       000000
__Hparam                        rparam       000000
__Hpowerup                      powerup      000000
__Hram                          ram          000000
__Hramtop                       ramtop       000600
__Hrbit                         rbit         000000
__Hrbss                         rbss         000000
__Hrdata                        rdata        000000
__Hreset_vec                    reset_vec    000004
__Hrparam                       rparam       000000
__Hsfr                          sfr          000000
__Hsivt_hi                      sivt_hi      000000
__Hsivt_lo                      sivt_lo      000018
__Hsmallconst                   smallconst   000620
__Hspace_0                      (abs)        000D24
__Hspace_1                      (abs)        000041
__Hspace_2                      (abs)        000000
__Hspace_4                      (abs)        60000E
__Hstack                        stack        000000
__Hstruct                       struct       000000
__Htemp                         temp         000000
__Htext                         text         000000
__Htext0                        text0        000000
__Htext1                        text1        000000
__Htext10                       text10       000000
__Htext11                       text11       000000
__Htext12                       text12       000000
__Htext13                       text13       000000
__Htext14                       text14       000000
__Htext15                       text15       000000
__Htext16                       text16       000000
__Htext2                        text2        000000
__Htext3                        text3        000000
__Htext4                        text4        000000
__Htext5                        text5        000000
__Htext6                        text6        000000
__Htext7                        text7        000000
__Htext8                        text8        000000
__Htext9                        text9        000000
__LRAM                          (abs)        000001
__L__absolute__                 __absolute__ 000000
__Labs1                         abs1         000000
__Lbank0                        bank0        000000
__Lbank1                        bank1        000000
__Lbank2                        bank2        000000
__Lbank3                        bank3        000000
__Lbank4                        bank4        000000
__Lbank5                        bank5        000000
__Lbigbss                       bigbss       000000
__Lbigdata                      bigdata      000000
__Lbigram                       bigram       000000
__Lbigsfr                       bigsfr       000000
__Lbss                          bss          000000
__LbssCOMRAM                    bssCOMRAM    000000
__Lcinit                        cinit        000000
__Lclrtext                      clrtext      000000
__Lcomram                       comram       000000
__Lconfig                       config       000000
__Lconst                        const        000000
__LcstackCOMRAM                 cstackCOMRAM 000000
__Ldata                         data         000000
__LdataCOMRAM                   dataCOMRAM   000000
__Leeprom_data                  eeprom_data  000000
__Lfarbss                       farbss       000000
__Lfardata                      fardata      000000
__Lheap                         heap         000000
__Libigdata                     ibigdata     000000
__Lidata                        idata        000000
__LidataCOMRAM                  idataCOMRAM  000000
__Lidloc                        idloc        000000
__Lifardata                     ifardata     000000
__Linit                         init         00000E
__Lintcode                      intcode      000008
__Lintcode_body                 intcode_body 000000
__Lintcodelo                    intcodelo    000018
__Lintentry                     intentry     000000
__Lintret                       intret       000000
__Lintsave_regs                 intsave_regs 000000
__Lirdata                       irdata       000000
__Lmediumconst                  mediumconst  000000
__LnvFARRAM                     nvFARRAM     000000
__Lnvbit                        nvbit        000000
__Lnvrram                       nvrram       000000
__Lparam                        rparam       000000
__Lpowerup                      powerup      000000
__Lram                          ram          000000
__Lramtop                       ramtop       000600
__Lrbit                         rbit         000000
__Lrbss                         rbss         000000
__Lrdata                        rdata        000000
__Lreset_vec                    reset_vec    000000
__Lrparam                       rparam       000000
__Lsfr                          sfr          000000
__Lsivt_hi                      sivt_hi      000000
__Lsivt_lo                      sivt_lo      000018
__Lsmallconst                   smallconst   000600
__Lspace_0                      (abs)        000000
__Lspace_1                      (abs)        000000
__Lspace_2                      (abs)        000000
__Lspace_4                      (abs)        000000
__Lstack                        stack        000000
__Lstruct                       struct       000000
__Ltemp                         temp         000000
__Ltext                         text         000000
__Ltext0                        text0        000000
__Ltext1                        text1        000000
__Ltext10                       text10       000000
__Ltext11                       text11       000000
__Ltext12                       text12       000000
__Ltext13                       text13       000000
__Ltext14                       text14       000000
__Ltext15                       text15       000000
__Ltext16                       text16       000000
__Ltext2                        text2        000000
__Ltext3                        text3        000000
__Ltext4                        text4        000000
__Ltext5                        text5        000000
__Ltext6                        text6        000000
__Ltext7                        text7        000000
__Ltext8                        text8        000000
__Ltext9                        text9        000000
__S0                            (abs)        000D24
__S1                            (abs)        000041
__S4                            (abs)        000000
__S5                            (abs)        000000
___heap_hi                      (abs)        000000
___heap_lo                      (abs)        000000
___inthi_sp                     stack        000000
___inthi_stack_hi               stack        000000
___inthi_stack_lo               stack        000000
___intlo_sp                     stack        000000
___intlo_stack_hi               stack        000000
___intlo_stack_lo               stack        000000
___lwdiv                        text5        0009D8
___lwdiv@counter                cstackCOMRAM 000008
___lwdiv@dividend               cstackCOMRAM 000002
___lwdiv@divisor                cstackCOMRAM 000004
___lwdiv@quotient               cstackCOMRAM 000006
___lwmod                        text4        000AB6
___lwmod@counter                cstackCOMRAM 00000D
___lwmod@dividend               cstackCOMRAM 000009
___lwmod@divisor                cstackCOMRAM 00000B
___param_bank                   (abs)        000000
___rparam_used                  (abs)        000001
___sp                           stack        000000
___stack_hi                     stack        000000
___stack_lo                     stack        000000
__accesstop                     (abs)        000060
__activetblptr                  (abs)        000002
__end_of___lwdiv                text5        000A4A
__end_of___lwmod                text4        000B1A
__end_of__initialization        cinit        000BE4
__end_of_can_receive            text8        0009D8
__end_of_clcd_print             text15       000AB6
__end_of_clcd_putch             text3        000D0C
__end_of_clcd_write             text16       000C66
__end_of_get_msg_id_std         text9        000C2C
__end_of_handle_gear_data       text7        000CBE
__end_of_handle_indicator_data  text6        0008A0
__end_of_handle_rpm_data        text2        0007F4
__end_of_init_can               text14       000BB8
__end_of_init_clcd              text13       000C9A
__end_of_init_config            text10       000B7C
__end_of_init_leds              text12       000D24
__end_of_init_timer0            text11       000CDC
__end_of_isr                    intcode_body 00072C
__end_of_main                   text0        000D1C
__end_of_process_canbus_data    text1        000944
__initialization                cinit        000BB8
__mediumconst                   smallconst   000600
__pbssCOMRAM                    bssCOMRAM    000039
__pcinit                        cinit        000BB8
__pcstackCOMRAM                 cstackCOMRAM 000002
__pdataCOMRAM                   dataCOMRAM   000021
__pidataCOMRAM                  idataCOMRAM  000CDC
__pintcode                      intcode      000008
__pintcode_body                 intcode_body 000620
__psmallconst                   smallconst   000600
__ptext0                        text0        000D0C
__ptext1                        text1        0008A0
__ptext10                       text10       000B1A
__ptext11                       text11       000CBE
__ptext12                       text12       000D1C
__ptext13                       text13       000C66
__ptext14                       text14       000B7C
__ptext15                       text15       000A4A
__ptext16                       text16       000C2C
__ptext2                        text2        00072C
__ptext3                        text3        000CF4
__ptext4                        text4        000AB6
__ptext5                        text5        0009D8
__ptext6                        text6        0007F4
__ptext7                        text7        000C9A
__ptext8                        text8        000944
__ptext9                        text9        000BF2
__ramtop                        ramtop       000600
__smallconst                    smallconst   000600
_arr                            dataCOMRAM   000021
_blink                          bssCOMRAM    00003D
_can_receive                    text8        000944
_clcd_print                     text15       000A4A
_clcd_putch                     text3        000CF4
_clcd_write                     text16       000C2C
_gear                           bssCOMRAM    00003F
_get_msg_id_std                 text9        000BF2
_handle_gear_data               text7        000C9A
_handle_indicator_data          text6        0007F4
_handle_rpm_data                text2        00072C
_init_can                       text14       000B7C
_init_clcd                      text13       000C66
_init_config                    text10       000B1A
_init_leds                      text12       000D1C
_init_timer0                    text11       000CBE
_isr                            intcode      000008
_main                           text0        000D0C
_process_canbus_data            text1        0008A0
_rpm                            bssCOMRAM    00003B
_speed                          bssCOMRAM    000040
_status                         bssCOMRAM    00003E
_timer                          bssCOMRAM    000039
btemp                           (abs)        000001
btemp0                          (abs)        000001
btemp1                          (abs)        000002
can_receive@data                cstackCOMRAM 00000B
can_receive@i                   cstackCOMRAM 000012
can_receive@len                 cstackCOMRAM 00000C
can_receive@msg_id              cstackCOMRAM 00000A
can_receive@ptr                 cstackCOMRAM 000010
clcd_print@addr                 cstackCOMRAM 000006
clcd_print@data                 cstackCOMRAM 000004
clcd_putch@addr                 cstackCOMRAM 00000E
clcd_putch@data                 cstackCOMRAM 00000F
clcd_write@byte                 cstackCOMRAM 000003
clcd_write@control_bit          cstackCOMRAM 000002
end_of_initialization           cinit        000BE4
get_msg_id_std@id               cstackCOMRAM 000008
handle_gear_data@data           cstackCOMRAM 000007
handle_gear_data@len            cstackCOMRAM 000008
handle_indicator_data@data      cstackCOMRAM 000007
handle_indicator_data@len       cstackCOMRAM 000008
handle_rpm_data@data            cstackCOMRAM 000010
handle_rpm_data@len             cstackCOMRAM 000011
int$flags                       (abs)        000001
int_func                        intcode_body 000620
intlevel0                       text         000000
intlevel1                       text         000000
intlevel2                       text         000000
intlevel3                       text         000000
isa$std                         (abs)        000001
isa$xinst                       (abs)        000000
process_canbus_data@can_rx_data cstackCOMRAM 000016
process_canbus_data@len         cstackCOMRAM 000020
process_canbus_data@msg_id      cstackCOMRAM 00001E
stackhi                         (abs)        000000
stacklo                         (abs)        000000
start                           init         00000E
start_initialization            cinit        000BB8


MODULE INFORMATION

Module		Function		Class		Link	Load	Size
C:\Program Files\Microchip\xc8\v3.10\pic\sources\c99\common\lwmod.c
		___lwmod       		CODE           	0AB6	0000	100

C:\Program Files\Microchip\xc8\v3.10\pic\sources\c99\common\lwmod.c estimated size: 100

message_handler.c
		_handle_gear_data		CODE           	0C9A	0000	36
		_handle_indicator_data		CODE           	07F4	0000	172
		_handle_rpm_data		CODE           	072C	0000	200
		_process_canbus_data		CODE           	08A0	0000	164

message_handler.c estimated size: 572

timer0.c
		_init_timer0   		CODE           	0CBE	0000	30
		_isr           		CODE           	0008	0000	274

timer0.c estimated size: 304

C:\Program Files\Microchip\xc8\v3.10\pic\sources\c99\common\lwdiv.c
		___lwdiv       		CODE           	09D8	0000	114

C:\Program Files\Microchip\xc8\v3.10\pic\sources\c99\common\lwdiv.c estimated size: 114

shared
		__initialization		CODE           	0BB8	0000	44

shared estimated size: 44

clcd.c
		_clcd_write    		CODE           	0C2C	0000	58
		_clcd_print    		CODE           	0A4A	0000	108
		_clcd_putch    		CODE           	0CF4	0000	24
		_init_clcd     		CODE           	0C66	0000	52

clcd.c estimated size: 242

can.c
		_init_can      		CODE           	0B7C	0000	60
		_can_receive   		CODE           	0944	0000	148
		_get_msg_id_std		CODE           	0BF2	0000	58

can.c estimated size: 266

main.c
		_init_leds     		CODE           	0D1C	0000	8
		_main          		CODE           	0D0C	0000	16
		_init_config   		CODE           	0B1A	0000	98

main.c estimated size: 122

