Microchip MPLAB XC8 Compiler V3.10

Linker command line:

-W-3 \
  --edf=C:\Program Files\Microchip\xc8\v3.10\pic\dat\20250813170317_en.msgs \
  -cn -h+dist/default/production\ECU2.X.production.sym \
  --cmf=dist/default/production\ECU2.X.production.cmf -z -Q18F4580 \
  -oC:\Users\nanda\AppData\Local\Temp\xcAscs8.0\driver_tmp_3.o \
  --defsym=__MPLAB_BUILD=1 --fixupoverflow=error \
  -Mdist/default/production/ECU2.X.production.map \
  --md=C:\Users\nanda\AppData\Local\Temp\xcAscs8.0\driver_tmp_0.dat -E1 \
  -ver=XC8 Compiler -ACODE=00h-03000h -ACONST=00h-03000h \
  -ASMALLCONST=0600h-06FFhx42,03000h-03000h -AMEDIUMCONST=0600h-03000h \
  -ACOMRAM=01h-05Fh -AABS1=00h-05FFh -ABIGRAM=01h-05FFh \
  -ARAM=060h-0FFh,0100h-01FFhx5 -ABANK0=060h-0FFh -ABANK1=0100h-01FFh \
  -ABANK2=0200h-02FFh -ABANK3=0300h-03FFh -ABANK4=0400h-04FFh \
  -ABANK5=0500h-05FFh -ASFR=0D00h-0DFFhx2,0F00h-0F5Fh,0F60h-0FFFh \
  -ABIGSFR=0D00h-0FFFh -ACONFIG=0300000h-030000Dh -AIDLOC=0200000h-0200007h \
  -AEEDATA=0F00000h-0F000FFh -peeprom_data=EEDATA \
  -preset_vec=00h,intcode=8h,intcodelo=18h,sivt_lo,sivt_hi=CODE \
  -ppowerup=CODE,init -pramtop=0600h -psmallconst=SMALLCONST \
  -pmediumconst=MEDIUMCONST -pconst=CONST -AFARRAM=00h-00h \
  -prdata=COMRAM,nvrram=COMRAM,nvbit=COMRAM,rbss=COMRAM,rbit=COMRAM \
  -pfarbss=FARRAM,fardata=FARRAM,nvFARRAM=FARRAM \
  -pintsave_regs=BIGRAM,bigbss=BIGRAM,bigdata=BIGRAM -pbss=RAM \
  -pidata=CODE,irdata=CODE,ibigdata=CODE,ifardata=CODE -prparam=COMRAM \
  C:\Users\nanda\AppData\Local\Temp\xcAscs8.0\driver_tmp_9.o \
  dist/default/production\ECU2.X.production.o 

Object code version is 3.11

Machine type is 18F4580



                Name                               Link     Load   Length Selector   Space Scale
C:\Users\nanda\AppData\Local\Temp\xcAscs8.0\driver_tmp_9.o
                idloc                            200000   200000        8        0       5
                config                           300000   300000        E        0       4
                init                                  E        E        4        4       0
                reset_vec                             0        0        4        0       0
dist/default/production\ECU2.X.production.o
                intcode                               8        8        6        4       0
                idloc                            200000   200000        8        0       5
                config                           300000   300000        E        0       4
                smallconst                          600      600        2      300       0
                intcode_body                        95E      95E       58      301       0
                text14                              A38      A38       3C      301       0
                text13                              81A      81A       6E      301       0
                text12                              602      602       A4      301       0
                text11                              8F4      8F4       6A      301       0
                text10                              9B6      9B6       46      301       0
                text9                               72A      72A       7C      301       0
                text8                               AD4      AD4       1C      301       0
                text7                               9FC      9FC       3C      301       0
                text6                               B0A      B0A        8      301       0
                text5                               AB8      AB8       1C      301       0
                text4                               A98      A98       20      301       0
                text3                               AF0      AF0       1A      301       0
                text2                               7A6      7A6       74      301       0
                text1                               888      888       6C      301       0
                text0                               6A6      6A6       84      301       0
                cstackCOMRAM                          2        2       2D        2       1
                dataCOMRAM                           33       33        1        2       1
                bssCOMRAM                            2F       2F        4        2       1
                cinit                               A74      A74       24      301       0
                idataCOMRAM                         B12      B12        1      301       0

TOTAL           Name                               Link     Load   Length     Space
        CLASS   CODE           
                intcode                               8        8        6         0
                init                                  E        E        4         0
                reset_vec                             0        0        4         0
                intcode_body                        95E      95E       58         0
                text14                              A38      A38       3C         0
                text13                              81A      81A       6E         0
                text12                              602      602       A4         0
                text11                              8F4      8F4       6A         0
                text10                              9B6      9B6       46         0
                text9                               72A      72A       7C         0
                text8                               AD4      AD4       1C         0
                text7                               9FC      9FC       3C         0
                text6                               B0A      B0A        8         0
                text5                               AB8      AB8       1C         0
                text4                               A98      A98       20         0
                text3                               AF0      AF0       1A         0
                text2                               7A6      7A6       74         0
                text1                               888      888       6C         0
                text0                               6A6      6A6       84         0
                cinit                               A74      A74       24         0
                idataCOMRAM                         B12      B12        1         0

        CLASS   CONST          

        CLASS   SMALLCONST     
                smallconst                          600      600        2         0

        CLASS   MEDIUMCONST    

        CLASS   COMRAM         
                cstackCOMRAM                          2        2       2D         1
                dataCOMRAM                           33       33        1         1
                bssCOMRAM                            2F       2F        4         1

        CLASS   ABS1           
                abs_s1                                1        1        1         1

        CLASS   BIGRAM         

        CLASS   RAM            

        CLASS   BANK0          

        CLASS   BANK1          

        CLASS   BANK2          

        CLASS   BANK3          

        CLASS   BANK4          

        CLASS   BANK5          

        CLASS   SFR            

        CLASS   BIGSFR         

        CLASS   CONFIG         
                config                           300000   300000        E         4

        CLASS   IDLOC          
                idloc                            200000   200000        8         5

        CLASS   EEDATA         

        CLASS   FARRAM         

        CLASS   HEAP           

        CLASS   STACK          



SEGMENTS        Name                           Load    Length   Top    Selector   Space  Class

                reset_vec                      000000  000004  000004         0       0  CODE    
                cstackCOMRAM                   000002  000032  000034         2       1  COMRAM  
                intcode                        000008  00000A  000012         4       0  CODE    
                smallconst                     000600  000002  000602       300       0  SMALLCON
                text12                         000602  000511  000B13       301       0  CODE    


UNUSED ADDRESS RANGES

        Name                Unused          Largest block    Delta
        BANK0            000060-0000FF               A0
        BANK1            000100-0001FF              100
        BANK2            000200-0002FF              100
        BANK3            000300-0003FF              100
        BANK4            000400-0004FF              100
        BANK5            000500-0005FF              100
        BIGRAM           000034-0005FF              5CC
        BIGSFR           000D00-000FFF              300
        CODE             000004-000007                4
                         000012-0005FF              5EE
                         000B13-003000             24EE
        COMRAM           000034-00005F               2C
        CONST            000004-000007                4
                         000012-0005FF              5EE
                         000B13-003000             24EE
        EEDATA           F00000-F000FF              100
        MEDIUMCONST      000B13-003000             24EE
        RAM              000060-0005FF              100
        SFR              000D00-000FFF              100
        SMALLCONST       000B13-003000              100

                                  Symbol Table

?___lldiv                          cstackCOMRAM 00000E
?___lmul                           cstackCOMRAM 000002
?_get_rpm                          cstackCOMRAM 00001B
?_read_adc                         cstackCOMRAM 000002
_ACQT0                             (abs)        007E03
_ACQT1                             (abs)        007E04
_ACQT2                             (abs)        007E05
_ADCON0                            (abs)        000FC2
_ADCS0                             (abs)        007E00
_ADCS1                             (abs)        007E01
_ADCS2                             (abs)        007E02
_ADFM                              (abs)        007E07
_ADON                              (abs)        007E10
_ADRESH                            (abs)        000FC4
_ADRESL                            (abs)        000FC3
_BRG16                             (abs)        007DC3
_BRGCON1                           (abs)        000F70
_BRGCON2                           (abs)        000F71
_BRGCON3                           (abs)        000F72
_BRGH                              (abs)        007D62
_CANCON                            (abs)        000F6F
_CANSTAT                           (abs)        000F6E
_CREN                              (abs)        007D5C
_ECANCON                           (abs)        000F77
_GIE                               (abs)        007F97
_GO                                (abs)        007E11
_GODONE                            (abs)        007E11
_PEIE                              (abs)        007F96
_PORTA                             (abs)        000F80
_PORTB                             (abs)        000F81
_PORTC                             (abs)        000F82
_PORTD                             (abs)        000F83
_PSA                               (abs)        007EAB
_RCIF                              (abs)        007CF5
_RCREG                             (abs)        000FAE
_RX9                               (abs)        007D5E
_RXB0CON                           (abs)        000F60
_RXB0CONbits                       (abs)        000F60
_RXB0D0                            (abs)        000F66
_RXB0DLC                           (abs)        000F65
_RXB0FUL                           (abs)        007B07
_RXB0IF                            (abs)        007D20
_RXB0SIDH                          (abs)        000F61
_RXB0SIDL                          (abs)        000F62
_RXFCON0                           (abs)        000DD4
_SENDB                             (abs)        007D63
_SPBRG                             (abs)        000FAF
_SPEN                              (abs)        007D5F
_SYNC                              (abs)        007D64
_T0CS                              (abs)        007EAD
_T0PS0                             (abs)        007EA8
_T0PS1                             (abs)        007EA9
_T0PS2                             (abs)        007EAA
_TMR0                              (abs)        000FD6
_TMR0IE                            (abs)        007F95
_TMR0IF                            (abs)        007F92
_TMR0ON                            (abs)        007EAF
_TRISA                             (abs)        000F92
_TRISB                             (abs)        000F93
_TRISB2                            (abs)        007C9A
_TRISB3                            (abs)        007C9B
_TRISC                             (abs)        000F94
_TRISC6                            (abs)        007CA6
_TRISC7                            (abs)        007CA7
_TRISD                             (abs)        000F95
_TX9                               (abs)        007D66
_TXB0D0                            (abs)        000F46
_TXB0DLC                           (abs)        000F45
_TXB0EIDH                          (abs)        000F43
_TXB0EIDL                          (abs)        000F44
_TXB0REQ                           (abs)        007A03
_TXB0SIDH                          (abs)        000F41
_TXB0SIDL                          (abs)        000F42
_TXEN                              (abs)        007D65
_TXIF                              (abs)        007CF4
_TXREG                             (abs)        000FAD
_VCFG0                             (abs)        007E0C
_VCFG1                             (abs)        007E0D
__HRAM                             (abs)        000000
__H__absolute__                    __absolute__ 000000
__Habs1                            abs1         000000
__Hbank0                           bank0        000000
__Hbank1                           bank1        000000
__Hbank2                           bank2        000000
__Hbank3                           bank3        000000
__Hbank4                           bank4        000000
__Hbank5                           bank5        000000
__Hbigbss                          bigbss       000000
__Hbigdata                         bigdata      000000
__Hbigram                          bigram       000000
__Hbigsfr                          bigsfr       000000
__Hbss                             bss          000000
__HbssCOMRAM                       bssCOMRAM    000000
__Hcinit                           cinit        000000
__Hclrtext                         clrtext      000000
__Hcomram                          comram       000000
__Hconfig                          config       30000E
__Hconst                           const        000000
__HcstackCOMRAM                    cstackCOMRAM 000000
__Hdata                            data         000000
__HdataCOMRAM                      dataCOMRAM   000000
__Heeprom_data                     eeprom_data  000000
__Hfarbss                          farbss       000000
__Hfardata                         fardata      000000
__Hheap                            heap         000000
__Hibigdata                        ibigdata     000000
__Hidata                           idata        000000
__HidataCOMRAM                     idataCOMRAM  000000
__Hidloc                           idloc        200008
__Hifardata                        ifardata     000000
__Hinit                            init         000012
__Hintcode                         intcode      00000E
__Hintcode_body                    intcode_body 000000
__Hintcodelo                       intcodelo    000018
__Hintentry                        intentry     000000
__Hintret                          intret       000000
__Hintsave_regs                    intsave_regs 000000
__Hirdata                          irdata       000000
__Hmediumconst                     mediumconst  000000
__HnvFARRAM                        nvFARRAM     000000
__Hnvbit                           nvbit        000000
__Hnvrram                          nvrram       000000
__Hparam                           rparam       000000
__Hpowerup                         powerup      000000
__Hram                             ram          000000
__Hramtop                          ramtop       000600
__Hrbit                            rbit         000000
__Hrbss                            rbss         000000
__Hrdata                           rdata        000000
__Hreset_vec                       reset_vec    000004
__Hrparam                          rparam       000000
__Hsfr                             sfr          000000
__Hsivt_hi                         sivt_hi      000000
__Hsivt_lo                         sivt_lo      000018
__Hsmallconst                      smallconst   000602
__Hspace_0                         (abs)        000B13
__Hspace_1                         (abs)        000034
__Hspace_2                         (abs)        000000
__Hspace_4                         (abs)        60000E
__Hstack                           stack        000000
__Hstruct                          struct       000000
__Htemp                            temp         000000
__Htext                            text         000000
__Htext0                           text0        000000
__Htext1                           text1        000000
__Htext10                          text10       000000
__Htext11                          text11       000000
__Htext12                          text12       000000
__Htext13                          text13       000000
__Htext14                          text14       000000
__Htext2                           text2        000000
__Htext3                           text3        000000
__Htext4                           text4        000000
__Htext5                           text5        000000
__Htext6                           text6        000000
__Htext7                           text7        000000
__Htext8                           text8        000000
__Htext9                           text9        000000
__LRAM                             (abs)        000001
__L__absolute__                    __absolute__ 000000
__Labs1                            abs1         000000
__Lbank0                           bank0        000000
__Lbank1                           bank1        000000
__Lbank2                           bank2        000000
__Lbank3                           bank3        000000
__Lbank4                           bank4        000000
__Lbank5                           bank5        000000
__Lbigbss                          bigbss       000000
__Lbigdata                         bigdata      000000
__Lbigram                          bigram       000000
__Lbigsfr                          bigsfr       000000
__Lbss                             bss          000000
__LbssCOMRAM                       bssCOMRAM    000000
__Lcinit                           cinit        000000
__Lclrtext                         clrtext      000000
__Lcomram                          comram       000000
__Lconfig                          config       000000
__Lconst                           const        000000
__LcstackCOMRAM                    cstackCOMRAM 000000
__Ldata                            data         000000
__LdataCOMRAM                      dataCOMRAM   000000
__Leeprom_data                     eeprom_data  000000
__Lfarbss                          farbss       000000
__Lfardata                         fardata      000000
__Lheap                            heap         000000
__Libigdata                        ibigdata     000000
__Lidata                           idata        000000
__LidataCOMRAM                     idataCOMRAM  000000
__Lidloc                           idloc        000000
__Lifardata                        ifardata     000000
__Linit                            init         00000E
__Lintcode                         intcode      000008
__Lintcode_body                    intcode_body 000000
__Lintcodelo                       intcodelo    000018
__Lintentry                        intentry     000000
__Lintret                          intret       000000
__Lintsave_regs                    intsave_regs 000000
__Lirdata                          irdata       000000
__Lmediumconst                     mediumconst  000000
__LnvFARRAM                        nvFARRAM     000000
__Lnvbit                           nvbit        000000
__Lnvrram                          nvrram       000000
__Lparam                           rparam       000000
__Lpowerup                         powerup      000000
__Lram                             ram          000000
__Lramtop                          ramtop       000600
__Lrbit                            rbit         000000
__Lrbss                            rbss         000000
__Lrdata                           rdata        000000
__Lreset_vec                       reset_vec    000000
__Lrparam                          rparam       000000
__Lsfr                             sfr          000000
__Lsivt_hi                         sivt_hi      000000
__Lsivt_lo                         sivt_lo      000018
__Lsmallconst                      smallconst   000600
__Lspace_0                         (abs)        000000
__Lspace_1                         (abs)        000000
__Lspace_2                         (abs)        000000
__Lspace_4                         (abs)        000000
__Lstack                           stack        000000
__Lstruct                          struct       000000
__Ltemp                            temp         000000
__Ltext                            text         000000
__Ltext0                           text0        000000
__Ltext1                           text1        000000
__Ltext10                          text10       000000
__Ltext11                          text11       000000
__Ltext12                          text12       000000
__Ltext13                          text13       000000
__Ltext14                          text14       000000
__Ltext2                           text2        000000
__Ltext3                           text3        000000
__Ltext4                           text4        000000
__Ltext5                           text5        000000
__Ltext6                           text6        000000
__Ltext7                           text7        000000
__Ltext8                           text8        000000
__Ltext9                           text9        000000
__S0                               (abs)        000B13
__S1                               (abs)        000034
__S4                               (abs)        000000
__S5                               (abs)        000000
___heap_hi                         (abs)        000000
___heap_lo                         (abs)        000000
___inthi_sp                        stack        000000
___inthi_stack_hi                  stack        000000
___inthi_stack_lo                  stack        000000
___intlo_sp                        stack        000000
___intlo_stack_hi                  stack        000000
___intlo_stack_lo                  stack        000000
___lldiv                           text12       000602
___lldiv@counter                   cstackCOMRAM 00001A
___lldiv@dividend                  cstackCOMRAM 00000E
___lldiv@divisor                   cstackCOMRAM 000012
___lldiv@quotient                  cstackCOMRAM 000016
___lmul                            text11       0008F4
___lmul@multiplicand               cstackCOMRAM 000006
___lmul@multiplier                 cstackCOMRAM 000002
___lmul@product                    cstackCOMRAM 00000A
___param_bank                      (abs)        000000
___rparam_used                     (abs)        000001
___sp                              stack        000000
___stack_hi                        stack        000000
___stack_lo                        stack        000000
__accesstop                        (abs)        000060
__activetblptr                     (abs)        000000
__end_of___lldiv                   text12       0006A6
__end_of___lmul                    text11       00095E
__end_of__initialization           cinit        000A8E
__end_of_can_transmit              text13       000888
__end_of_get_rpm                   text9        0007A6
__end_of_init_adc                  text8        000AF0
__end_of_init_can                  text7        000A38
__end_of_init_config               text3        000B0A
__end_of_init_digital_keypad       text6        000B12
__end_of_init_timer0               text5        000AD4
__end_of_init_uart                 text4        000AB8
__end_of_isr                       intcode_body 0009B6
__end_of_main                      text0        00072A
__end_of_process_indicator         text1        0008F4
__end_of_read_adc                  text10       0009FC
__end_of_read_digital_keypad       text2        00081A
__end_of_set_msg_id_std            text14       000A74
__initialization                   cinit        000A74
__mediumconst                      smallconst   000600
__pbssCOMRAM                       bssCOMRAM    00002F
__pcinit                           cinit        000A74
__pcstackCOMRAM                    cstackCOMRAM 000002
__pdataCOMRAM                      dataCOMRAM   000033
__pidataCOMRAM                     idataCOMRAM  000B12
__pintcode                         intcode      000008
__pintcode_body                    intcode_body 00095E
__psmallconst                      smallconst   000600
__ptext0                           text0        0006A6
__ptext1                           text1        000888
__ptext10                          text10       0009B6
__ptext11                          text11       0008F4
__ptext12                          text12       000602
__ptext13                          text13       00081A
__ptext14                          text14       000A38
__ptext2                           text2        0007A6
__ptext3                           text3        000AF0
__ptext4                           text4        000A98
__ptext5                           text5        000AB8
__ptext6                           text6        000B0A
__ptext7                           text7        0009FC
__ptext8                           text8        000AD4
__ptext9                           text9        00072A
__ramtop                           ramtop       000600
__smallconst                       smallconst   000600
_blink                             bssCOMRAM    000031
_can_transmit                      text13       00081A
_cur_ind_status                    bssCOMRAM    000032
_get_rpm                           text9        00072A
_init_adc                          text8        000AD4
_init_can                          text7        0009FC
_init_config                       text3        000AF0
_init_digital_keypad               text6        000B0A
_init_timer0                       text5        000AB8
_init_uart                         text4        000A98
_isr                               intcode      000008
_main                              text0        0006A6
_process_indicator                 text1        000888
_read_adc                          text10       0009B6
_read_digital_keypad               text2        0007A6
_set_msg_id_std                    text14       000A38
_timer                             bssCOMRAM    00002F
btemp                              (abs)        000001
btemp0                             (abs)        000001
btemp1                             (abs)        000002
can_transmit@data                  cstackCOMRAM 000008
can_transmit@i                     cstackCOMRAM 00000F
can_transmit@len                   cstackCOMRAM 000009
can_transmit@msg_id                cstackCOMRAM 000006
can_transmit@ptr                   cstackCOMRAM 00000D
end_of_initialization              cinit        000A8E
get_rpm@adc_val                    cstackCOMRAM 00001F
get_rpm@rpm                        cstackCOMRAM 000023
int$flags                          (abs)        000001
int_func                           intcode_body 00095E
intlevel0                          text         000000
intlevel1                          text         000000
intlevel2                          text         000000
intlevel3                          text         000000
isa$std                            (abs)        000001
isa$xinst                          (abs)        000000
main@can_tx_data                   cstackCOMRAM 00002D
main@rpm                           cstackCOMRAM 000029
process_indicator@key              cstackCOMRAM 000003
read_adc@channel                   cstackCOMRAM 000008
read_adc@reg_val                   cstackCOMRAM 000006
read_digital_keypad@detection_type cstackCOMRAM 000002
read_digital_keypad@once           dataCOMRAM   000033
set_msg_id_std@id                  cstackCOMRAM 000002
stackhi                            (abs)        000000
stacklo                            (abs)        000000
start                              init         00000E
start_initialization               cinit        000A74


MODULE INFORMATION

Module		Function		Class		Link	Load	Size
ecu2_sensor.c
		_process_indicator		CODE           	0888	0000	108
		_get_rpm       		CODE           	072A	0000	124

ecu2_sensor.c estimated size: 232

digital_keypad.c
		_init_digital_keypad		CODE           	0B0A	0000	8
		_read_digital_keypad		CODE           	07A6	0000	116

digital_keypad.c estimated size: 124

uart.c
		_init_uart     		CODE           	0A98	0000	32

uart.c estimated size: 32

C:\Program Files\Microchip\xc8\v3.10\pic\sources\c99\common\Umul32.c
		___lmul        		CODE           	08F4	0000	106

C:\Program Files\Microchip\xc8\v3.10\pic\sources\c99\common\Umul32.c estimated size: 106

timer0.c
		_init_timer0   		CODE           	0AB8	0000	28
		_isr           		CODE           	0008	0000	94

timer0.c estimated size: 122

adc.c
		_init_adc      		CODE           	0AD4	0000	28
		_read_adc      		CODE           	09B6	0000	70

adc.c estimated size: 98

shared
		__initialization		CODE           	0A74	0000	26

shared estimated size: 26

can.c
		_set_msg_id_std		CODE           	0A38	0000	60
		_can_transmit  		CODE           	081A	0000	110
		_init_can      		CODE           	09FC	0000	60

can.c estimated size: 230

C:\Program Files\Microchip\xc8\v3.10\pic\sources\c99\common\__lldiv.c
		___lldiv       		CODE           	0602	0000	164

C:\Program Files\Microchip\xc8\v3.10\pic\sources\c99\common\__lldiv.c estimated size: 164

main.c
		_main          		CODE           	06A6	0000	132
		_init_config   		CODE           	0AF0	0000	26

main.c estimated size: 158

